// Jest Snapshot v1, https://goo.gl/fbAQLP

exports[`Generates a Snapshot of <App/> 1`] = `
<RCTSafeAreaView
  emulateUnlessSupported={true}
  style={
    Object {
      "alignItems": "center",
      "backgroundColor": "#fff",
      "flex": 1,
      "justifyContent": "center",
    }
  }
>
  <ActivityIndicator
    size="large"
    testID="App.ActivityIndicator"
  />
</RCTSafeAreaView>
`;